CCS PCH C Compiler, Version 5.070, 56587               30-sep-17 18:47

               Filename:   C:\Users\Jaime\Documents\GitHub\SIM800L-18F\SIM\main.lst

               ROM used:   1324 bytes (4%)
                           Largest free fragment is 31440
               RAM used:   83 (4%) at main() level
                           107 (5%) worst case
               Stack used: 11 locations (5 in main + 6 for interrupts)
               Stack size: 31

*
0000:  GOTO   048E
*
0008:  MOVWF  04
000A:  MOVFF  FD8,05
000E:  MOVFF  FE0,06
0012:  MOVLB  0
0014:  MOVFF  FE9,0C
0018:  MOVFF  FEA,07
001C:  MOVFF  FE1,08
0020:  MOVFF  FE2,09
0024:  MOVFF  FD9,0A
0028:  MOVFF  FDA,0B
002C:  MOVFF  FF3,12
0030:  MOVFF  FF4,13
0034:  MOVFF  FFA,14
0038:  MOVFF  FF5,15
003C:  MOVFF  FF6,16
0040:  MOVFF  FF7,17
0044:  MOVFF  00,0E
0048:  MOVFF  01,0F
004C:  MOVFF  02,10
0050:  MOVFF  03,11
0054:  BTFSS  F9D.5
0056:  GOTO   0060
005A:  BTFSC  F9E.5
005C:  GOTO   0208
0060:  MOVFF  0E,00
0064:  MOVFF  0F,01
0068:  MOVFF  10,02
006C:  MOVFF  11,03
0070:  MOVFF  0C,FE9
0074:  MOVFF  07,FEA
0078:  BSF    07.7
007A:  MOVFF  08,FE1
007E:  MOVFF  09,FE2
0082:  MOVFF  0A,FD9
0086:  MOVFF  0B,FDA
008A:  MOVFF  12,FF3
008E:  MOVFF  13,FF4
0092:  MOVFF  14,FFA
0096:  MOVFF  15,FF5
009A:  MOVFF  16,FF6
009E:  MOVFF  17,FF7
00A2:  MOVF   04,W
00A4:  MOVFF  06,FE0
00A8:  MOVFF  05,FD8
00AC:  RETFIE 0
.................... #include <18f2550.h>	//Tipo de procesador 
.................... //////////// Standard Header file for the PIC18F2550 device //////////////// 
.................... /////////////////////////////////////////////////////////////////////////// 
.................... ////        (C) Copyright 1996, 2014 Custom Computer Services          //// 
.................... //// This source code may only be used by licensed users of the CCS C  //// 
.................... //// compiler.  This source code may only be distributed to other      //// 
.................... //// licensed users of the CCS C compiler.  No other use, reproduction //// 
.................... //// or distribution is permitted without written permission.          //// 
.................... //// Derivative programs created using this software in object code    //// 
.................... //// form are not restricted in any way.                               //// 
.................... /////////////////////////////////////////////////////////////////////////// 
.................... #device PIC18F2550 
*
01E2:  MOVF   FEF,F
01E4:  BZ    0204
01E6:  MOVFF  FEA,60
01EA:  MOVFF  FE9,5F
01EE:  MOVFF  FEF,61
01F2:  RCALL  0192
01F4:  MOVFF  60,FEA
01F8:  MOVFF  5F,FE9
01FC:  INCF   FE9,F
01FE:  BTFSC  FD8.2
0200:  INCF   FEA,F
0202:  BRA    01E2
0204:  GOTO   0230 (RETURN)
*
0238:  DATA 78,78
023A:  DATA 78,00
023C:  DATA 41,54
023E:  DATA 0D,00
0240:  DATA 41,54
0242:  DATA 2B,43
0244:  DATA 4D,47
0246:  DATA 46,3D
0248:  DATA 31,0D
024A:  DATA 00,00
024C:  DATA 41,54
024E:  DATA 2B,43
0250:  DATA 4D,47
0252:  DATA 53,3D
0254:  DATA 22,25
0256:  DATA 73,22
0258:  DATA 2C,31
025A:  DATA 34,35
025C:  DATA 00,00
*
031A:  TBLRD*+
031C:  MOVF   FF5,F
031E:  BZ    0344
0320:  MOVFF  FF6,53
0324:  MOVFF  FF7,54
0328:  CLRF   19
032A:  BTFSC  FF2.7
032C:  BSF    19.7
032E:  BCF    FF2.7
0330:  MOVFF  FF5,61
0334:  RCALL  0192
0336:  BTFSC  19.7
0338:  BSF    FF2.7
033A:  MOVFF  53,FF6
033E:  MOVFF  54,FF7
0342:  BRA    031A
0344:  GOTO   051E (RETURN)
0348:  TBLRD*+
034A:  MOVF   FF5,F
034C:  BZ    0368
034E:  MOVFF  FF6,57
0352:  MOVFF  FF7,58
0356:  MOVF   FF5,W
0358:  BTFSS  F9E.4
035A:  BRA    0358
035C:  MOVWF  FAD
035E:  MOVFF  57,FF6
0362:  MOVFF  58,FF7
0366:  BRA    0348
0368:  RETURN 0
036A:  TBLRD*+
036C:  MOVFF  FF6,58
0370:  MOVFF  FF7,59
0374:  MOVF   FF5,W
0376:  BTFSS  F9E.4
0378:  BRA    0376
037A:  MOVWF  FAD
037C:  MOVFF  58,FF6
0380:  MOVFF  59,FF7
0384:  DECFSZ 57,F
0386:  BRA    036A
0388:  RETURN 0
038A:  MOVF   FEF,F
038C:  BZ    03AE
038E:  MOVFF  FEA,58
0392:  MOVFF  FE9,57
0396:  MOVF   FEF,W
0398:  BTFSS  F9E.4
039A:  BRA    0398
039C:  MOVWF  FAD
039E:  MOVFF  58,FEA
03A2:  MOVFF  57,FE9
03A6:  INCF   FE9,F
03A8:  BTFSC  FD8.2
03AA:  INCF   FEA,F
03AC:  BRA    038A
03AE:  RETURN 0
....................  
.................... #list 
....................  
.................... #use delay(clock=4000000)			//Frecuencia de trabajo 
*
016A:  CLRF   FEA
016C:  MOVLW  62
016E:  MOVWF  FE9
0170:  MOVF   FEF,W
0172:  BZ    0190
0174:  MOVLW  01
0176:  MOVWF  01
0178:  CLRF   00
017A:  DECFSZ 00,F
017C:  BRA    017A
017E:  DECFSZ 01,F
0180:  BRA    0178
0182:  MOVLW  4A
0184:  MOVWF  00
0186:  DECFSZ 00,F
0188:  BRA    0186
018A:  BRA    018C
018C:  DECFSZ FEF,F
018E:  BRA    0174
0190:  RETURN 0
....................  
.................... #fuses 	EC_IO			//Oscilador externo, RA6=E/S,PLL OFF (CONFIG1H)	 
.................... #fuses 	CPUDIV1			//Postcaler OSC/1, Frec. CPU=4MHz/1=4MHz (CONFIG1L) 
.................... 						//Ciclo de instrucción = 1uS (1/(4000000/4)) 
....................  
.................... #fuses PUT,NOBROWNOUT,NOWDT,NOPBADEN,NOLVP 
....................  
.................... #define LCD_DATA_PORT getenv("SFR:PORTB")  
.................... #include <lcd.c> //No se usa fast_io en la puerta 
.................... /////////////////////////////////////////////////////////////////////////////// 
.................... ////                             LCD.C                                     //// 
.................... ////                 Driver for common LCD modules                         //// 
.................... ////                                                                       //// 
.................... ////  lcd_init()   Must be called before any other function.               //// 
.................... ////                                                                       //// 
.................... ////  lcd_putc(c)  Will display c on the next position of the LCD.         //// 
.................... ////                 \a  Set cursor position to upper left                 //// 
.................... ////                 \f  Clear display, set cursor to upper left           //// 
.................... ////                 \n  Go to start of second line                        //// 
.................... ////                 \b  Move back one position                            //// 
.................... ////              If LCD_EXTENDED_NEWLINE is defined, the \n character     //// 
.................... ////              will erase all remanining characters on the current      //// 
.................... ////              line, and move the cursor to the beginning of the next   //// 
.................... ////              line.                                                    //// 
.................... ////              If LCD_EXTENDED_NEWLINE is defined, the \r character     //// 
.................... ////              will move the cursor to the start of the current         //// 
.................... ////              line.                                                    //// 
.................... ////                                                                       //// 
.................... ////  lcd_gotoxy(x,y) Set write position on LCD (upper left is 1,1)        //// 
.................... ////                                                                       //// 
.................... ////  lcd_getc(x,y)   Returns character at position x,y on LCD             //// 
.................... ////                                                                       //// 
.................... ////  lcd_cursor_on(int1 on)   Turn the cursor on (on=TRUE) or off         //// 
.................... ////              (on=FALSE).                                              //// 
.................... ////                                                                       //// 
.................... ////  lcd_set_cgram_char(w, *p)   Write a custom character to the CGRAM.   //// 
.................... ////                                                                       //// 
.................... ////                                                                       //// 
.................... ////  CONFIGURATION                                                        //// 
.................... ////  The LCD can be configured in one of two ways: a.) port access or     //// 
.................... ////  b.) pin access.  Port access requires the entire 7 bit interface     //// 
.................... ////  connected to one GPIO port, and the data bits (D4:D7 of the LCD)     //// 
.................... ////  connected to sequential pins on the GPIO.  Pin access                //// 
.................... ////  has no requirements, all 7 bits of the control interface can         //// 
.................... ////  can be connected to any GPIO using several ports.                    //// 
.................... ////                                                                       //// 
.................... ////  To use port access, #define LCD_DATA_PORT to the SFR location of     //// 
.................... ////  of the GPIO port that holds the interface, -AND- edit LCD_PIN_MAP    //// 
.................... ////  of this file to configure the pin order.  If you are using a         //// 
.................... ////  baseline PIC (PCB), then LCD_OUTPUT_MAP and LCD_INPUT_MAP also must  //// 
.................... ////  be defined.                                                          //// 
.................... ////                                                                       //// 
.................... ////  Example of port access:                                              //// 
.................... ////     #define LCD_DATA_PORT getenv("SFR:PORTD")                         //// 
.................... ////                                                                       //// 
.................... ////  To use pin access, the following pins must be defined:               //// 
.................... ////     LCD_ENABLE_PIN                                                    //// 
.................... ////     LCD_RS_PIN                                                        //// 
.................... ////     LCD_RW_PIN                                                        //// 
.................... ////     LCD_DATA4                                                         //// 
.................... ////     LCD_DATA5                                                         //// 
.................... ////     LCD_DATA6                                                         //// 
.................... ////     LCD_DATA7                                                         //// 
.................... ////                                                                       //// 
.................... ////  Example of pin access:                                               //// 
.................... ////     #define LCD_ENABLE_PIN  PIN_E0                                    //// 
.................... ////     #define LCD_RS_PIN      PIN_E1                                    //// 
.................... ////     #define LCD_RW_PIN      PIN_E2                                    //// 
.................... ////     #define LCD_DATA4       PIN_D4                                    //// 
.................... ////     #define LCD_DATA5       PIN_D5                                    //// 
.................... ////     #define LCD_DATA6       PIN_D6                                    //// 
.................... ////     #define LCD_DATA7       PIN_D7                                    //// 
.................... ////                                                                       //// 
.................... /////////////////////////////////////////////////////////////////////////////// 
.................... ////        (C) Copyright 1996,2010 Custom Computer Services           //// 
.................... //// This source code may only be used by licensed users of the CCS C  //// 
.................... //// compiler.  This source code may only be distributed to other      //// 
.................... //// licensed users of the CCS C compiler.  No other use, reproduction //// 
.................... //// or distribution is permitted without written permission.          //// 
.................... //// Derivative programs created using this software in object code    //// 
.................... //// form are not restricted in any way.                               //// 
.................... /////////////////////////////////////////////////////////////////////////// 
....................  
.................... #ifndef __LCD_C__ 
.................... #define __LCD_C__ 
....................  
.................... // define the pinout. 
.................... // only required if port access is being used. 
.................... typedef struct   
.................... {                            // This structure is overlayed 
....................    int1 enable;           // on to an I/O port to gain 
....................    int1 rs;               // access to the LCD pins. 
....................    int1 rw;               // The bits are allocated from 
....................    int1 unused;           // low order up.  ENABLE will 
....................    unsigned int     data : 4;         // be LSB pin of that port. 
....................   #if defined(__PCD__)       // The port used will be LCD_DATA_PORT. 
....................    unsigned int    reserved: 8; 
....................   #endif 
.................... } LCD_PIN_MAP; 
....................  
.................... // this is to improve compatability with previous LCD drivers that accepted 
.................... // a define labeled 'use_portb_lcd' that configured the LCD onto port B. 
.................... #if ((defined(use_portb_lcd)) && (use_portb_lcd==TRUE)) 
....................  #define LCD_DATA_PORT getenv("SFR:PORTB") 
.................... #endif 
....................  
.................... #if defined(__PCB__) 
....................    // these definitions only need to be modified for baseline PICs. 
....................    // all other PICs use LCD_PIN_MAP or individual LCD_xxx pin definitions. 
.................... /*                                    EN, RS,   RW,   UNUSED,  DATA  */ 
....................  const LCD_PIN_MAP LCD_OUTPUT_MAP =  {0,  0,    0,    0,       0}; 
....................  const LCD_PIN_MAP LCD_INPUT_MAP =   {0,  0,    0,    0,       0xF}; 
.................... #endif 
....................  
.................... ////////////////////// END CONFIGURATION /////////////////////////////////// 
....................  
.................... #ifndef LCD_ENABLE_PIN 
....................    #define lcd_output_enable(x) lcdlat.enable=x 
....................    #define lcd_enable_tris()   lcdtris.enable=0 
.................... #else 
....................    #define lcd_output_enable(x) output_bit(LCD_ENABLE_PIN, x) 
....................    #define lcd_enable_tris()  output_drive(LCD_ENABLE_PIN) 
.................... #endif 
....................  
.................... #ifndef LCD_RS_PIN 
....................    #define lcd_output_rs(x) lcdlat.rs=x 
....................    #define lcd_rs_tris()   lcdtris.rs=0 
.................... #else 
....................    #define lcd_output_rs(x) output_bit(LCD_RS_PIN, x) 
....................    #define lcd_rs_tris()  output_drive(LCD_RS_PIN) 
.................... #endif 
....................  
.................... #ifndef LCD_RW_PIN 
....................    #define lcd_output_rw(x) lcdlat.rw=x 
....................    #define lcd_rw_tris()   lcdtris.rw=0 
.................... #else 
....................    #define lcd_output_rw(x) output_bit(LCD_RW_PIN, x) 
....................    #define lcd_rw_tris()  output_drive(LCD_RW_PIN) 
.................... #endif 
....................  
.................... // original version of this library incorrectly labeled LCD_DATA0 as LCD_DATA4, 
.................... // LCD_DATA1 as LCD_DATA5, and so on.  this block of code makes the driver 
.................... // compatible with any code written for the original library 
.................... #if (defined(LCD_DATA0) && defined(LCD_DATA1) && defined(LCD_DATA2) && defined(LCD_DATA3) && !defined(LCD_DATA4) && !defined(LCD_DATA5) && !defined(LCD_DATA6) && !defined(LCD_DATA7)) 
....................    #define  LCD_DATA4    LCD_DATA0 
....................    #define  LCD_DATA5    LCD_DATA1 
....................    #define  LCD_DATA6    LCD_DATA2 
....................    #define  LCD_DATA7    LCD_DATA3 
.................... #endif 
....................  
.................... #ifndef LCD_DATA4 
.................... #ifndef LCD_DATA_PORT 
....................    #if defined(__PCB__) 
....................       #define LCD_DATA_PORT      0x06     //portb 
....................       #define set_tris_lcd(x)   set_tris_b(x) 
....................    #else 
....................      #if defined(PIN_D0) 
....................       #define LCD_DATA_PORT      getenv("SFR:PORTD")     //portd 
....................      #else 
....................       #define LCD_DATA_PORT      getenv("SFR:PORTB")     //portb 
....................      #endif 
....................    #endif    
.................... #endif 
....................  
.................... #if defined(__PCB__) 
....................    LCD_PIN_MAP lcd, lcdlat; 
....................    #byte lcd = LCD_DATA_PORT 
....................    #byte lcdlat = LCD_DATA_PORT 
.................... #elif defined(__PCM__) 
....................    LCD_PIN_MAP lcd, lcdlat, lcdtris; 
....................    #byte lcd = LCD_DATA_PORT 
....................    #byte lcdlat = LCD_DATA_PORT 
....................    #byte lcdtris = LCD_DATA_PORT+0x80 
.................... #elif defined(__PCH__) 
....................    LCD_PIN_MAP lcd, lcdlat, lcdtris; 
....................    #byte lcd = LCD_DATA_PORT 
....................    #byte lcdlat = LCD_DATA_PORT+9 
....................    #byte lcdtris = LCD_DATA_PORT+0x12 
.................... #elif defined(__PCD__) 
....................    LCD_PIN_MAP lcd, lcdlat, lcdtris; 
....................    #word lcd = LCD_DATA_PORT 
....................    #word lcdlat = LCD_DATA_PORT+2 
....................    #word lcdtris = LCD_DATA_PORT-0x02 
.................... #endif 
.................... #endif   //LCD_DATA4 not defined 
....................  
.................... #ifndef LCD_TYPE 
....................    #define LCD_TYPE 2           // 0=5x7, 1=5x10, 2=2 lines 
.................... #endif 
....................  
.................... #ifndef LCD_LINE_TWO 
....................    #define LCD_LINE_TWO 0x40    // LCD RAM address for the second line 
.................... #endif 
....................  
.................... #ifndef LCD_LINE_LENGTH 
....................    #define LCD_LINE_LENGTH 20 
.................... #endif 
....................  
.................... unsigned int8 lcd_read_nibble(void); 
....................  
.................... unsigned int8 lcd_read_byte(void) 
.................... { 
....................    unsigned int8 low,high; 
....................  
....................  #if defined(__PCB__) 
....................    set_tris_lcd(LCD_INPUT_MAP); 
....................  #else 
....................   #if (defined(LCD_DATA4) && defined(LCD_DATA5) && defined(LCD_DATA6) && defined(LCD_DATA7)) 
....................    output_float(LCD_DATA4); 
....................    output_float(LCD_DATA5); 
....................    output_float(LCD_DATA6); 
....................    output_float(LCD_DATA7); 
....................   #else 
....................    lcdtris.data = 0xF; 
*
00BA:  MOVLW  0F
00BC:  ANDWF  F93,W
00BE:  IORLW  F0
00C0:  MOVWF  F93
....................   #endif 
....................  #endif 
....................          
....................    lcd_output_rw(1); 
00C2:  BSF    F8A.2
....................    delay_cycles(1); 
00C4:  NOP   
....................    lcd_output_enable(1); 
00C6:  BSF    F8A.0
....................    delay_cycles(1); 
00C8:  NOP   
....................    high = lcd_read_nibble(); 
00CA:  RCALL  00AE
00CC:  MOVFF  01,69
....................        
....................    lcd_output_enable(0); 
00D0:  BCF    F8A.0
....................    delay_cycles(1); 
00D2:  NOP   
....................    lcd_output_enable(1); 
00D4:  BSF    F8A.0
....................    delay_us(1); 
00D6:  NOP   
....................    low = lcd_read_nibble(); 
00D8:  RCALL  00AE
00DA:  MOVFF  01,68
....................        
....................    lcd_output_enable(0); 
00DE:  BCF    F8A.0
....................  
....................  #if defined(__PCB__) 
....................    set_tris_lcd(LCD_OUTPUT_MAP); 
....................  #else 
....................   #if (defined(LCD_DATA4) && defined(LCD_DATA5) && defined(LCD_DATA6) && defined(LCD_DATA7)) 
....................    output_drive(LCD_DATA4); 
....................    output_drive(LCD_DATA5); 
....................    output_drive(LCD_DATA6); 
....................    output_drive(LCD_DATA7); 
....................   #else 
....................    lcdtris.data = 0x0; 
00E0:  MOVLW  0F
00E2:  ANDWF  F93,W
00E4:  MOVWF  F93
....................   #endif 
....................  #endif 
....................  
....................    return( (high<<4) | low); 
00E6:  SWAPF  x69,W
00E8:  MOVWF  00
00EA:  MOVLW  F0
00EC:  ANDWF  00,F
00EE:  MOVF   00,W
00F0:  IORWF  x68,W
00F2:  MOVWF  01
00F4:  RETURN 0
.................... } 
....................  
.................... unsigned int8 lcd_read_nibble(void) 
.................... { 
....................   #if (defined(LCD_DATA4) && defined(LCD_DATA5) && defined(LCD_DATA6) && defined(LCD_DATA7)) 
....................    unsigned int8 n = 0x00; 
....................  
....................    /* Read the data port */ 
....................    n |= input(LCD_DATA4); 
....................    n |= input(LCD_DATA5) << 1; 
....................    n |= input(LCD_DATA6) << 2; 
....................    n |= input(LCD_DATA7) << 3; 
....................     
....................    return(n); 
....................   #else 
....................    return(lcd.data); 
*
00AE:  MOVF   F81,W
00B0:  MOVWF  00
00B2:  SWAPF  00,W
00B4:  ANDLW  0F
00B6:  MOVWF  01
....................   #endif 
00B8:  RETURN 0
.................... } 
....................  
.................... void lcd_send_nibble(unsigned int8 n) 
.................... { 
....................   #if (defined(LCD_DATA4) && defined(LCD_DATA5) && defined(LCD_DATA6) && defined(LCD_DATA7)) 
....................    /* Write to the data port */ 
....................    output_bit(LCD_DATA4, bit_test(n, 0)); 
....................    output_bit(LCD_DATA5, bit_test(n, 1)); 
....................    output_bit(LCD_DATA6, bit_test(n, 2)); 
....................    output_bit(LCD_DATA7, bit_test(n, 3)); 
....................   #else       
....................    lcdlat.data = n; 
*
00F6:  SWAPF  x69,W
00F8:  ANDLW  F0
00FA:  MOVWF  00
00FC:  MOVLW  0F
00FE:  ANDWF  F8A,W
0100:  IORWF  00,W
0102:  MOVWF  F8A
....................   #endif 
....................        
....................    delay_cycles(1); 
0104:  NOP   
....................    lcd_output_enable(1); 
0106:  BSF    F8A.0
....................    delay_us(2); 
0108:  BRA    010A
....................    lcd_output_enable(0); 
010A:  BCF    F8A.0
010C:  RETURN 0
.................... } 
....................  
.................... void lcd_send_byte(unsigned int8 address, unsigned int8 n) 
.................... { 
....................   #if defined(__PCB__) 
....................    set_tris_lcd(LCD_OUTPUT_MAP); 
....................   #else 
....................    lcd_enable_tris(); 
010E:  BCF    F93.0
....................    lcd_rs_tris(); 
0110:  BCF    F93.1
....................    lcd_rw_tris(); 
0112:  BCF    F93.2
....................   #endif 
....................  
....................    lcd_output_rs(0); 
0114:  BCF    F8A.1
....................    while ( bit_test(lcd_read_byte(),7) ) ; 
0116:  RCALL  00BA
0118:  MOVFF  01,68
011C:  BTFSC  01.7
011E:  BRA    0116
....................    lcd_output_rs(address); 
0120:  BCF    F8A.1
0122:  BTFSC  x66.0
0124:  BSF    F8A.1
....................    delay_cycles(1); 
0126:  NOP   
....................    lcd_output_rw(0); 
0128:  BCF    F8A.2
....................    delay_cycles(1); 
012A:  NOP   
....................    lcd_output_enable(0); 
012C:  BCF    F8A.0
....................    lcd_send_nibble(n >> 4); 
012E:  SWAPF  x67,W
0130:  MOVWF  x68
0132:  MOVLW  0F
0134:  ANDWF  x68,F
0136:  MOVFF  68,69
013A:  RCALL  00F6
....................    lcd_send_nibble(n & 0xf); 
013C:  MOVF   x67,W
013E:  ANDLW  0F
0140:  MOVWF  x68
0142:  MOVWF  x69
0144:  RCALL  00F6
0146:  RETURN 0
.................... } 
....................  
.................... #if defined(LCD_EXTENDED_NEWLINE) 
.................... unsigned int8 g_LcdX, g_LcdY; 
.................... #endif 
....................  
.................... void lcd_init(void)  
.................... { 
....................    unsigned int8 i; 
....................    unsigned int8 LCD_INIT_STRING[4] = {0x20 | (LCD_TYPE << 2), 0xc, 1, 6}; 
*
025E:  MOVLW  28
0260:  MOVWF  54
0262:  MOVLW  0C
0264:  MOVWF  55
0266:  MOVLW  01
0268:  MOVWF  56
026A:  MOVLW  06
026C:  MOVWF  57
....................                              // These bytes need to be sent to the LCD 
....................                              // to start it up. 
....................     
....................  
....................    lcd_output_enable(0); 
026E:  BCF    F8A.0
....................    lcd_output_rs(0); 
0270:  BCF    F8A.1
....................    lcd_output_rw(0); 
0272:  BCF    F8A.2
....................  
....................  #if defined(__PCB__) 
....................    set_tris_lcd(LCD_OUTPUT_MAP); 
....................  #else 
....................   #if (defined(LCD_DATA4) && defined(LCD_DATA5) && defined(LCD_DATA6) && defined(LCD_DATA7)) 
....................    output_drive(LCD_DATA4); 
....................    output_drive(LCD_DATA5); 
....................    output_drive(LCD_DATA6); 
....................    output_drive(LCD_DATA7); 
....................   #else 
....................    lcdtris.data = 0x0; 
0274:  MOVLW  0F
0276:  ANDWF  F93,W
0278:  MOVWF  F93
....................   #endif 
....................    lcd_enable_tris(); 
027A:  BCF    F93.0
....................    lcd_rs_tris(); 
027C:  BCF    F93.1
....................    lcd_rw_tris(); 
027E:  BCF    F93.2
0280:  CLRF   19
0282:  BTFSC  FF2.7
0284:  BSF    19.7
0286:  BCF    FF2.7
....................  #endif 
....................      
....................    delay_ms(15); 
0288:  MOVLW  0F
028A:  MOVWF  x62
028C:  RCALL  016A
028E:  BTFSC  19.7
0290:  BSF    FF2.7
....................    for(i=1;i<=3;++i) 
0292:  MOVLW  01
0294:  MOVWF  53
0296:  MOVF   53,W
0298:  SUBLW  03
029A:  BNC   02C4
029C:  CLRF   19
029E:  BTFSC  FF2.7
02A0:  BSF    19.7
02A2:  BCF    FF2.7
....................    { 
....................        lcd_send_nibble(3); 
02A4:  MOVLW  03
02A6:  MOVWF  x69
02A8:  RCALL  00F6
02AA:  BTFSC  19.7
02AC:  BSF    FF2.7
02AE:  CLRF   19
02B0:  BTFSC  FF2.7
02B2:  BSF    19.7
02B4:  BCF    FF2.7
....................        delay_ms(5); 
02B6:  MOVLW  05
02B8:  MOVWF  x62
02BA:  RCALL  016A
02BC:  BTFSC  19.7
02BE:  BSF    FF2.7
02C0:  INCF   53,F
02C2:  BRA    0296
02C4:  CLRF   19
02C6:  BTFSC  FF2.7
02C8:  BSF    19.7
02CA:  BCF    FF2.7
....................    } 
....................     
....................    lcd_send_nibble(2); 
02CC:  MOVLW  02
02CE:  MOVWF  x69
02D0:  RCALL  00F6
02D2:  BTFSC  19.7
02D4:  BSF    FF2.7
02D6:  CLRF   19
02D8:  BTFSC  FF2.7
02DA:  BSF    19.7
02DC:  BCF    FF2.7
....................    delay_ms(5); 
02DE:  MOVLW  05
02E0:  MOVWF  x62
02E2:  RCALL  016A
02E4:  BTFSC  19.7
02E6:  BSF    FF2.7
....................    for(i=0;i<=3;++i) 
02E8:  CLRF   53
02EA:  MOVF   53,W
02EC:  SUBLW  03
02EE:  BNC   0316
....................       lcd_send_byte(0,LCD_INIT_STRING[i]); 
02F0:  CLRF   03
02F2:  MOVF   53,W
02F4:  ADDLW  54
02F6:  MOVWF  FE9
02F8:  MOVLW  00
02FA:  ADDWFC 03,W
02FC:  MOVWF  FEA
02FE:  MOVFF  FEF,67
0302:  CLRF   19
0304:  BTFSC  FF2.7
0306:  BSF    19.7
0308:  BCF    FF2.7
030A:  CLRF   x66
030C:  RCALL  010E
030E:  BTFSC  19.7
0310:  BSF    FF2.7
....................  
....................   #if defined(LCD_EXTENDED_NEWLINE) 
0312:  INCF   53,F
0314:  BRA    02EA
0316:  GOTO   0500 (RETURN)
....................    g_LcdX = 0; 
....................    g_LcdY = 0; 
....................   #endif 
.................... } 
....................  
.................... void lcd_gotoxy(unsigned int8 x, unsigned int8 y) 
.................... { 
....................    unsigned int8 address; 
....................     
....................    if(y!=1) 
*
0148:  DECFSZ x63,W
014A:  BRA    014E
014C:  BRA    0154
....................       address=LCD_LINE_TWO; 
014E:  MOVLW  40
0150:  MOVWF  x64
0152:  BRA    0156
....................    else 
....................       address=0; 
0154:  CLRF   x64
....................       
....................    address+=x-1; 
0156:  MOVLW  01
0158:  SUBWF  x62,W
015A:  ADDWF  x64,F
....................    lcd_send_byte(0,0x80|address); 
015C:  MOVF   x64,W
015E:  IORLW  80
0160:  MOVWF  x65
0162:  CLRF   x66
0164:  MOVWF  x67
0166:  RCALL  010E
....................  
....................   #if defined(LCD_EXTENDED_NEWLINE) 
0168:  RETURN 0
....................    g_LcdX = x - 1; 
....................    g_LcdY = y - 1; 
....................   #endif 
.................... } 
....................  
.................... void lcd_putc(char c) 
.................... { 
....................    switch (c) 
*
0192:  MOVF   x61,W
0194:  XORLW  07
0196:  BZ    01A6
0198:  XORLW  0B
019A:  BZ    01B0
019C:  XORLW  06
019E:  BZ    01C0
01A0:  XORLW  02
01A2:  BZ    01CC
01A4:  BRA    01D6
....................    { 
....................       case '\a'   :  lcd_gotoxy(1,1);     break; 
01A6:  MOVLW  01
01A8:  MOVWF  x62
01AA:  MOVWF  x63
01AC:  RCALL  0148
01AE:  BRA    01E0
....................  
....................       case '\f'   :  lcd_send_byte(0,1); 
01B0:  CLRF   x66
01B2:  MOVLW  01
01B4:  MOVWF  x67
01B6:  RCALL  010E
....................                      delay_ms(2); 
01B8:  MOVLW  02
01BA:  MOVWF  x62
01BC:  RCALL  016A
....................                     #if defined(LCD_EXTENDED_NEWLINE) 
....................                      g_LcdX = 0; 
....................                      g_LcdY = 0; 
....................                     #endif 
....................                      break; 
01BE:  BRA    01E0
....................  
....................      #if defined(LCD_EXTENDED_NEWLINE) 
....................       case '\r'   :  lcd_gotoxy(1, g_LcdY+1);   break; 
....................       case '\n'   : 
....................          while (g_LcdX++ < LCD_LINE_LENGTH) 
....................          { 
....................             lcd_send_byte(1, ' '); 
....................          } 
....................          lcd_gotoxy(1, g_LcdY+2); 
....................          break; 
....................      #else 
....................       case '\n'   : lcd_gotoxy(1,2);        break; 
01C0:  MOVLW  01
01C2:  MOVWF  x62
01C4:  MOVLW  02
01C6:  MOVWF  x63
01C8:  RCALL  0148
01CA:  BRA    01E0
....................      #endif 
....................       
....................       case '\b'   : lcd_send_byte(0,0x10);  break; 
01CC:  CLRF   x66
01CE:  MOVLW  10
01D0:  MOVWF  x67
01D2:  RCALL  010E
01D4:  BRA    01E0
....................       
....................      #if defined(LCD_EXTENDED_NEWLINE) 
....................       default     :  
....................          if (g_LcdX < LCD_LINE_LENGTH) 
....................          { 
....................             lcd_send_byte(1, c); 
....................             g_LcdX++; 
....................          } 
....................          break; 
....................      #else 
....................       default     : lcd_send_byte(1,c);     break; 
01D6:  MOVLW  01
01D8:  MOVWF  x66
01DA:  MOVFF  61,67
01DE:  RCALL  010E
....................      #endif 
....................    } 
01E0:  RETURN 0
.................... } 
....................   
.................... char lcd_getc(unsigned int8 x, unsigned int8 y) 
.................... { 
....................    char value; 
....................  
....................    lcd_gotoxy(x,y); 
....................    while ( bit_test(lcd_read_byte(),7) ); // wait until busy flag is low 
....................    lcd_output_rs(1); 
....................    value = lcd_read_byte(); 
....................    lcd_output_rs(0); 
....................     
....................    return(value); 
.................... } 
....................  
.................... // write a custom character to the ram 
.................... // which is 0-7 and specifies which character array we are modifying. 
.................... // ptr points to an array of 8 bytes, where each byte is the next row of 
.................... //    pixels.  only bits 0-4 are used.  the last row is the cursor row, and 
.................... //    usually you will want to leave this byte 0x00. 
.................... void lcd_set_cgram_char(unsigned int8 which, unsigned int8 *ptr) 
.................... { 
....................    unsigned int i; 
....................  
....................    which <<= 3; 
....................    which &= 0x38; 
....................  
....................    lcd_send_byte(0, 0x40 | which);  //set cgram address 
....................  
....................    for(i=0; i<8; i++) 
....................    { 
....................       lcd_send_byte(1, *ptr++); 
....................    } 
....................    
....................    #if defined(LCD_EXTENDED_NEWLINE) 
....................     lcd_gotoxy(g_LcdX+1, g_LcdY+1);  //set ddram address 
....................    #endif 
.................... } 
....................  
.................... void lcd_cursor_on(int1 on) 
.................... { 
....................    if (on) 
....................    { 
....................       lcd_send_byte(0,0x0F);           //turn LCD cursor ON 
....................    } 
....................    else 
....................    { 
....................       lcd_send_byte(0,0x0C);           //turn LCD cursor OFF 
....................    } 
.................... } 
....................  
.................... #endif 
....................  
....................  
.................... //Habilita las funciones RS232, velocidad a 9600 baudios 
.................... #use rs232(Baud=9600,xmit=PIN_C6, rcv=PIN_C7) 
*
03B0:  BTFSS  F9E.4
03B2:  BRA    03B0
03B4:  MOVWF  FAD
03B6:  GOTO   0460 (RETURN)
.................... #use fast_io (C) 
....................  
.................... void mensajeSim800(unsigned char *numero,unsigned char *mensaje ); 
....................  
.................... char dato1[10];			//Variable para almacena el dato recibido 
.................... char dato2[10]; 
.................... char dato3[10]; 
.................... char numero[15] = "+593959984110"; 
.................... char mensaje[10] = "bomba"; 
....................  
.................... #int_rda			//Vector de interrupción al recibir por el UART 
.................... tratamiento(){	 
.................... 	disable_interrupts(INT_RDA); 
*
0208:  BCF    F9D.5
.................... 	//dato = getc();	//Lee el dato recibido 
.................... 	gets(dato1); 
020A:  CLRF   FEA
020C:  MOVLW  1A
020E:  MOVWF  FE9
0210:  CLRF   FED
0212:  BTFSS  F9E.5
0214:  BRA    0212
0216:  MOVFF  FAE,FEC
021A:  MOVLW  0D
021C:  SUBWF  FEF,W
021E:  BNZ   0212
0220:  CLRF   FEC
.................... 	lcd_putc('\f'); 
0222:  MOVLW  0C
0224:  MOVWF  x61
0226:  RCALL  0192
.................... 	printf(lcd_putc, "%s", dato1 ); 
0228:  CLRF   FEA
022A:  MOVLW  1A
022C:  MOVWF  FE9
022E:  BRA    01E2
.................... 	 
.................... 	enable_interrupts(INT_RDA);		//Activa interrupción en la recepción 
0230:  BSF    F9D.5
0232:  BCF    F9E.5
0234:  GOTO   0060
.................... }	 
....................  
.................... void main(){ 
*
048E:  CLRF   FF8
0490:  BCF    FD0.7
0492:  BSF    07.7
0494:  BCF    FB8.3
0496:  MOVLW  19
0498:  MOVWF  FAF
049A:  MOVLW  A6
049C:  MOVWF  FAC
049E:  MOVLW  90
04A0:  MOVWF  FAB
04A2:  CLRF   52
04A4:  CLRF   51
04A6:  MOVF   FC1,W
04A8:  ANDLW  C0
04AA:  IORLW  0F
04AC:  MOVWF  FC1
04AE:  MOVLW  07
04B0:  MOVWF  FB4
04B2:  MOVLW  2B
04B4:  MOVWF  38
04B6:  MOVLW  35
04B8:  MOVWF  39
04BA:  MOVLW  39
04BC:  MOVWF  3A
04BE:  MOVLW  33
04C0:  MOVWF  3B
04C2:  MOVLW  39
04C4:  MOVWF  3C
04C6:  MOVLW  35
04C8:  MOVWF  3D
04CA:  MOVLW  39
04CC:  MOVWF  3E
04CE:  MOVWF  3F
04D0:  MOVLW  38
04D2:  MOVWF  40
04D4:  MOVLW  34
04D6:  MOVWF  41
04D8:  MOVLW  31
04DA:  MOVWF  42
04DC:  MOVWF  43
04DE:  MOVLW  30
04E0:  MOVWF  44
04E2:  CLRF   45
04E4:  MOVLW  62
04E6:  MOVWF  47
04E8:  MOVLW  6F
04EA:  MOVWF  48
04EC:  MOVLW  6D
04EE:  MOVWF  49
04F0:  MOVLW  62
04F2:  MOVWF  4A
04F4:  MOVLW  61
04F6:  MOVWF  4B
04F8:  CLRF   4C
.................... 	set_tris_c(0b10111111);	//RC7/Rx entrada, RC6/Tx salida	 
04FA:  MOVLW  BF
04FC:  MOVWF  F94
.................... 	//setup_uart(uart_autodetect);	//Activa ciclo de auto detección de baudios 
.................... 	lcd_init(); 
04FE:  BRA    025E
0500:  CLRF   19
0502:  BTFSC  FF2.7
0504:  BSF    19.7
0506:  BCF    FF2.7
.................... 	//enable_interrupts(INT_RDA);		//Activa interrupción en la recepción 
.................... 	//enable_interrupts(global);		//Habilita interrupciones 
.................... 	 
.................... 	lcd_gotoxy(1,1); 
0508:  MOVLW  01
050A:  MOVWF  x62
050C:  MOVWF  x63
050E:  RCALL  0148
0510:  BTFSC  19.7
0512:  BSF    FF2.7
.................... 	printf(lcd_putc, "xxx"); 
0514:  MOVLW  38
0516:  MOVWF  FF6
0518:  MOVLW  02
051A:  MOVWF  FF7
051C:  BRA    031A
.................... 	mensajeSim800(numero, mensaje); 
051E:  CLRF   54
0520:  MOVLW  38
0522:  MOVWF  53
0524:  CLRF   56
0526:  MOVLW  47
0528:  MOVWF  55
052A:  BRA    03BA
....................  
.................... 	while(1) 
.................... 	{	 
052C:  BRA    052C
.................... 		//printf(lcd_putc, "%s\n", dato );	 
.................... 	} 
.................... } 
....................  
052E:  SLEEP 
.................... void mensajeSim800(unsigned char *numero, unsigned char *mensaje ){ 
.................... 	printf("AT\r"); 
*
03BA:  MOVLW  3C
03BC:  MOVWF  FF6
03BE:  MOVLW  02
03C0:  MOVWF  FF7
03C2:  RCALL  0348
.................... 	//gets(dato1); 
.................... 	//printf(lcd_putc, "%s", dato1); 
.................... 	delay_ms(5000); 
03C4:  MOVLW  14
03C6:  MOVWF  57
03C8:  CLRF   19
03CA:  BTFSC  FF2.7
03CC:  BSF    19.7
03CE:  BCF    FF2.7
03D0:  MOVLW  FA
03D2:  MOVWF  x62
03D4:  RCALL  016A
03D6:  BTFSC  19.7
03D8:  BSF    FF2.7
03DA:  DECFSZ 57,F
03DC:  BRA    03C8
.................... 	printf("AT+CMGF=1\r"); 
03DE:  MOVLW  40
03E0:  MOVWF  FF6
03E2:  MOVLW  02
03E4:  MOVWF  FF7
03E6:  RCALL  0348
.................... 	delay_ms(5000); 
03E8:  MOVLW  14
03EA:  MOVWF  57
03EC:  CLRF   19
03EE:  BTFSC  FF2.7
03F0:  BSF    19.7
03F2:  BCF    FF2.7
03F4:  MOVLW  FA
03F6:  MOVWF  x62
03F8:  RCALL  016A
03FA:  BTFSC  19.7
03FC:  BSF    FF2.7
03FE:  DECFSZ 57,F
0400:  BRA    03EC
.................... 	printf("AT+CMGS=\"%s\",145", numero); 
0402:  MOVLW  4C
0404:  MOVWF  FF6
0406:  MOVLW  02
0408:  MOVWF  FF7
040A:  MOVLW  09
040C:  MOVWF  57
040E:  RCALL  036A
0410:  MOVFF  54,FEA
0414:  MOVFF  53,FE9
0418:  RCALL  038A
041A:  MOVLW  57
041C:  MOVWF  FF6
041E:  MOVLW  02
0420:  MOVWF  FF7
0422:  MOVLW  05
0424:  MOVWF  57
0426:  RCALL  036A
.................... 	printf("\r\n"); 
0428:  MOVLW  0D
042A:  BTFSS  F9E.4
042C:  BRA    042A
042E:  MOVWF  FAD
0430:  MOVLW  0A
0432:  BTFSS  F9E.4
0434:  BRA    0432
0436:  MOVWF  FAD
.................... 	delay_ms(5000); 
0438:  MOVLW  14
043A:  MOVWF  57
043C:  CLRF   19
043E:  BTFSC  FF2.7
0440:  BSF    19.7
0442:  BCF    FF2.7
0444:  MOVLW  FA
0446:  MOVWF  x62
0448:  RCALL  016A
044A:  BTFSC  19.7
044C:  BSF    FF2.7
044E:  DECFSZ 57,F
0450:  BRA    043C
.................... 	printf("%s", mensaje); 
0452:  MOVFF  56,FEA
0456:  MOVFF  55,FE9
045A:  RCALL  038A
.................... 	putc(26); 
045C:  MOVLW  1A
045E:  BRA    03B0
.................... 	delay_ms(5000); 
0460:  MOVLW  14
0462:  MOVWF  57
0464:  CLRF   19
0466:  BTFSC  FF2.7
0468:  BSF    19.7
046A:  BCF    FF2.7
046C:  MOVLW  FA
046E:  MOVWF  x62
0470:  RCALL  016A
0472:  BTFSC  19.7
0474:  BSF    FF2.7
0476:  DECFSZ 57,F
0478:  BRA    0464
.................... 	printf("\r\n"); 
047A:  MOVLW  0D
047C:  BTFSS  F9E.4
047E:  BRA    047C
0480:  MOVWF  FAD
0482:  MOVLW  0A
0484:  BTFSS  F9E.4
0486:  BRA    0484
0488:  MOVWF  FAD
048A:  GOTO   052C (RETURN)
.................... } 

Configuration Fuses:
   Word  1: C427   PLL12 CPUDIV1 USBDIV EC_IO FCMEN IESO
   Word  2: 1E38   PUT NOBROWNOUT BORV21 VREGEN NOWDT WDT32768
   Word  3: 8500   CCP2C1 NOPBADEN LPT1OSC MCLR
   Word  4: 0081   STVREN NOLVP NOXINST NODEBUG
   Word  5: C00F   NOPROTECT NOCPB NOCPD
   Word  6: E00F   NOWRT NOWRTC NOWRTB NOWRTD
   Word  7: 400F   NOEBTR NOEBTRB
