CCS PCH C Compiler, Version 5.070, 56587               30-sep-17 16:15

               Filename:   D:\PIC\SIM800L-18F\SIM\main.lst

               ROM used:   1258 bytes (4%)
                           Largest free fragment is 31506
               RAM used:   78 (4%) at main() level
                           106 (5%) worst case
               Stack used: 13 locations (6 in main + 7 for interrupts)
               Stack size: 31

*
0000:  GOTO   0466
*
0008:  MOVWF  04
000A:  MOVFF  FD8,05
000E:  MOVFF  FE0,06
0012:  MOVLB  0
0014:  MOVFF  FE9,0C
0018:  MOVFF  FEA,07
001C:  MOVFF  FE1,08
0020:  MOVFF  FE2,09
0024:  MOVFF  FD9,0A
0028:  MOVFF  FDA,0B
002C:  MOVFF  FF3,12
0030:  MOVFF  FF4,13
0034:  MOVFF  FFA,14
0038:  MOVFF  FF5,15
003C:  MOVFF  FF6,16
0040:  MOVFF  FF7,17
0044:  MOVFF  00,0E
0048:  MOVFF  01,0F
004C:  MOVFF  02,10
0050:  MOVFF  03,11
0054:  BTFSS  F9D.5
0056:  GOTO   0060
005A:  BTFSC  F9E.5
005C:  GOTO   0206
0060:  MOVFF  0E,00
0064:  MOVFF  0F,01
0068:  MOVFF  10,02
006C:  MOVFF  11,03
0070:  MOVFF  0C,FE9
0074:  MOVFF  07,FEA
0078:  BSF    07.7
007A:  MOVFF  08,FE1
007E:  MOVFF  09,FE2
0082:  MOVFF  0A,FD9
0086:  MOVFF  0B,FDA
008A:  MOVFF  12,FF3
008E:  MOVFF  13,FF4
0092:  MOVFF  14,FFA
0096:  MOVFF  15,FF5
009A:  MOVFF  16,FF6
009E:  MOVFF  17,FF7
00A2:  MOVF   04,W
00A4:  MOVFF  06,FE0
00A8:  MOVFF  05,FD8
00AC:  RETFIE 0
.................... #include <18f2550.h>	//Tipo de procesador 
.................... //////////// Standard Header file for the PIC18F2550 device //////////////// 
.................... /////////////////////////////////////////////////////////////////////////// 
.................... ////        (C) Copyright 1996, 2014 Custom Computer Services          //// 
.................... //// This source code may only be used by licensed users of the CCS C  //// 
.................... //// compiler.  This source code may only be distributed to other      //// 
.................... //// licensed users of the CCS C compiler.  No other use, reproduction //// 
.................... //// or distribution is permitted without written permission.          //// 
.................... //// Derivative programs created using this software in object code    //// 
.................... //// form are not restricted in any way.                               //// 
.................... /////////////////////////////////////////////////////////////////////////// 
.................... #device PIC18F2550 
*
01E2:  MOVF   FEF,F
01E4:  BZ    0204
01E6:  MOVFF  FEA,5F
01EA:  MOVFF  FE9,5E
01EE:  MOVFF  FEF,60
01F2:  RCALL  0192
01F4:  MOVFF  5F,FEA
01F8:  MOVFF  5E,FE9
01FC:  INCF   FE9,F
01FE:  BTFSC  FD8.2
0200:  INCF   FEA,F
0202:  BRA    01E2
0204:  RETURN 0
*
0236:  DATA 41,54
0238:  DATA 0D,00
023A:  DATA 41,54
023C:  DATA 2B,43
023E:  DATA 4D,47
0240:  DATA 46,3D
0242:  DATA 31,0D
0244:  DATA 00,00
0246:  DATA 41,54
0248:  DATA 2B,43
024A:  DATA 4D,47
024C:  DATA 53,3D
024E:  DATA 22,25
0250:  DATA 73,22
0252:  DATA 00,00
*
0310:  TBLRD*+
0312:  MOVF   FF5,F
0314:  BZ    0330
0316:  MOVFF  FF6,52
031A:  MOVFF  FF7,53
031E:  MOVF   FF5,W
0320:  BTFSS  F9E.4
0322:  BRA    0320
0324:  MOVWF  FAD
0326:  MOVFF  52,FF6
032A:  MOVFF  53,FF7
032E:  BRA    0310
0330:  RETURN 0
0332:  TBLRD*+
0334:  MOVFF  FF6,53
0338:  MOVFF  FF7,54
033C:  MOVF   FF5,W
033E:  BTFSS  F9E.4
0340:  BRA    033E
0342:  MOVWF  FAD
0344:  MOVFF  53,FF6
0348:  MOVFF  54,FF7
034C:  DECFSZ 52,F
034E:  BRA    0332
0350:  GOTO   03EE (RETURN)
0354:  MOVF   FEF,F
0356:  BZ    0378
0358:  MOVFF  FEA,53
035C:  MOVFF  FE9,52
0360:  MOVF   FEF,W
0362:  BTFSS  F9E.4
0364:  BRA    0362
0366:  MOVWF  FAD
0368:  MOVFF  53,FEA
036C:  MOVFF  52,FE9
0370:  INCF   FE9,F
0372:  BTFSC  FD8.2
0374:  INCF   FEA,F
0376:  BRA    0354
0378:  RETURN 0
....................  
.................... #list 
....................  
.................... #use delay(clock=4000000)			//Frecuencia de trabajo 
*
016A:  CLRF   FEA
016C:  MOVLW  61
016E:  MOVWF  FE9
0170:  MOVF   FEF,W
0172:  BZ    0190
0174:  MOVLW  01
0176:  MOVWF  01
0178:  CLRF   00
017A:  DECFSZ 00,F
017C:  BRA    017A
017E:  DECFSZ 01,F
0180:  BRA    0178
0182:  MOVLW  4A
0184:  MOVWF  00
0186:  DECFSZ 00,F
0188:  BRA    0186
018A:  BRA    018C
018C:  DECFSZ FEF,F
018E:  BRA    0174
0190:  RETURN 0
....................  
.................... #fuses 	EC_IO			//Oscilador externo, RA6=E/S,PLL OFF (CONFIG1H)	 
.................... #fuses 	CPUDIV1			//Postcaler OSC/1, Frec. CPU=4MHz/1=4MHz (CONFIG1L) 
.................... 						//Ciclo de instrucción = 1uS (1/(4000000/4)) 
....................  
.................... #fuses PUT,NOBROWNOUT,NOWDT,NOPBADEN,NOLVP 
....................  
.................... #define LCD_DATA_PORT getenv("SFR:PORTB")  
.................... #include <lcd.c> //No se usa fast_io en la puerta 
.................... /////////////////////////////////////////////////////////////////////////////// 
.................... ////                             LCD.C                                     //// 
.................... ////                 Driver for common LCD modules                         //// 
.................... ////                                                                       //// 
.................... ////  lcd_init()   Must be called before any other function.               //// 
.................... ////                                                                       //// 
.................... ////  lcd_putc(c)  Will display c on the next position of the LCD.         //// 
.................... ////                 \a  Set cursor position to upper left                 //// 
.................... ////                 \f  Clear display, set cursor to upper left           //// 
.................... ////                 \n  Go to start of second line                        //// 
.................... ////                 \b  Move back one position                            //// 
.................... ////              If LCD_EXTENDED_NEWLINE is defined, the \n character     //// 
.................... ////              will erase all remanining characters on the current      //// 
.................... ////              line, and move the cursor to the beginning of the next   //// 
.................... ////              line.                                                    //// 
.................... ////              If LCD_EXTENDED_NEWLINE is defined, the \r character     //// 
.................... ////              will move the cursor to the start of the current         //// 
.................... ////              line.                                                    //// 
.................... ////                                                                       //// 
.................... ////  lcd_gotoxy(x,y) Set write position on LCD (upper left is 1,1)        //// 
.................... ////                                                                       //// 
.................... ////  lcd_getc(x,y)   Returns character at position x,y on LCD             //// 
.................... ////                                                                       //// 
.................... ////  lcd_cursor_on(int1 on)   Turn the cursor on (on=TRUE) or off         //// 
.................... ////              (on=FALSE).                                              //// 
.................... ////                                                                       //// 
.................... ////  lcd_set_cgram_char(w, *p)   Write a custom character to the CGRAM.   //// 
.................... ////                                                                       //// 
.................... ////                                                                       //// 
.................... ////  CONFIGURATION                                                        //// 
.................... ////  The LCD can be configured in one of two ways: a.) port access or     //// 
.................... ////  b.) pin access.  Port access requires the entire 7 bit interface     //// 
.................... ////  connected to one GPIO port, and the data bits (D4:D7 of the LCD)     //// 
.................... ////  connected to sequential pins on the GPIO.  Pin access                //// 
.................... ////  has no requirements, all 7 bits of the control interface can         //// 
.................... ////  can be connected to any GPIO using several ports.                    //// 
.................... ////                                                                       //// 
.................... ////  To use port access, #define LCD_DATA_PORT to the SFR location of     //// 
.................... ////  of the GPIO port that holds the interface, -AND- edit LCD_PIN_MAP    //// 
.................... ////  of this file to configure the pin order.  If you are using a         //// 
.................... ////  baseline PIC (PCB), then LCD_OUTPUT_MAP and LCD_INPUT_MAP also must  //// 
.................... ////  be defined.                                                          //// 
.................... ////                                                                       //// 
.................... ////  Example of port access:                                              //// 
.................... ////     #define LCD_DATA_PORT getenv("SFR:PORTD")                         //// 
.................... ////                                                                       //// 
.................... ////  To use pin access, the following pins must be defined:               //// 
.................... ////     LCD_ENABLE_PIN                                                    //// 
.................... ////     LCD_RS_PIN                                                        //// 
.................... ////     LCD_RW_PIN                                                        //// 
.................... ////     LCD_DATA4                                                         //// 
.................... ////     LCD_DATA5                                                         //// 
.................... ////     LCD_DATA6                                                         //// 
.................... ////     LCD_DATA7                                                         //// 
.................... ////                                                                       //// 
.................... ////  Example of pin access:                                               //// 
.................... ////     #define LCD_ENABLE_PIN  PIN_E0                                    //// 
.................... ////     #define LCD_RS_PIN      PIN_E1                                    //// 
.................... ////     #define LCD_RW_PIN      PIN_E2                                    //// 
.................... ////     #define LCD_DATA4       PIN_D4                                    //// 
.................... ////     #define LCD_DATA5       PIN_D5                                    //// 
.................... ////     #define LCD_DATA6       PIN_D6                                    //// 
.................... ////     #define LCD_DATA7       PIN_D7                                    //// 
.................... ////                                                                       //// 
.................... /////////////////////////////////////////////////////////////////////////////// 
.................... ////        (C) Copyright 1996,2010 Custom Computer Services           //// 
.................... //// This source code may only be used by licensed users of the CCS C  //// 
.................... //// compiler.  This source code may only be distributed to other      //// 
.................... //// licensed users of the CCS C compiler.  No other use, reproduction //// 
.................... //// or distribution is permitted without written permission.          //// 
.................... //// Derivative programs created using this software in object code    //// 
.................... //// form are not restricted in any way.                               //// 
.................... /////////////////////////////////////////////////////////////////////////// 
....................  
.................... #ifndef __LCD_C__ 
.................... #define __LCD_C__ 
....................  
.................... // define the pinout. 
.................... // only required if port access is being used. 
.................... typedef struct   
.................... {                            // This structure is overlayed 
....................    int1 enable;           // on to an I/O port to gain 
....................    int1 rs;               // access to the LCD pins. 
....................    int1 rw;               // The bits are allocated from 
....................    int1 unused;           // low order up.  ENABLE will 
....................    unsigned int     data : 4;         // be LSB pin of that port. 
....................   #if defined(__PCD__)       // The port used will be LCD_DATA_PORT. 
....................    unsigned int    reserved: 8; 
....................   #endif 
.................... } LCD_PIN_MAP; 
....................  
.................... // this is to improve compatability with previous LCD drivers that accepted 
.................... // a define labeled 'use_portb_lcd' that configured the LCD onto port B. 
.................... #if ((defined(use_portb_lcd)) && (use_portb_lcd==TRUE)) 
....................  #define LCD_DATA_PORT getenv("SFR:PORTB") 
.................... #endif 
....................  
.................... #if defined(__PCB__) 
....................    // these definitions only need to be modified for baseline PICs. 
....................    // all other PICs use LCD_PIN_MAP or individual LCD_xxx pin definitions. 
.................... /*                                    EN, RS,   RW,   UNUSED,  DATA  */ 
....................  const LCD_PIN_MAP LCD_OUTPUT_MAP =  {0,  0,    0,    0,       0}; 
....................  const LCD_PIN_MAP LCD_INPUT_MAP =   {0,  0,    0,    0,       0xF}; 
.................... #endif 
....................  
.................... ////////////////////// END CONFIGURATION /////////////////////////////////// 
....................  
.................... #ifndef LCD_ENABLE_PIN 
....................    #define lcd_output_enable(x) lcdlat.enable=x 
....................    #define lcd_enable_tris()   lcdtris.enable=0 
.................... #else 
....................    #define lcd_output_enable(x) output_bit(LCD_ENABLE_PIN, x) 
....................    #define lcd_enable_tris()  output_drive(LCD_ENABLE_PIN) 
.................... #endif 
....................  
.................... #ifndef LCD_RS_PIN 
....................    #define lcd_output_rs(x) lcdlat.rs=x 
....................    #define lcd_rs_tris()   lcdtris.rs=0 
.................... #else 
....................    #define lcd_output_rs(x) output_bit(LCD_RS_PIN, x) 
....................    #define lcd_rs_tris()  output_drive(LCD_RS_PIN) 
.................... #endif 
....................  
.................... #ifndef LCD_RW_PIN 
....................    #define lcd_output_rw(x) lcdlat.rw=x 
....................    #define lcd_rw_tris()   lcdtris.rw=0 
.................... #else 
....................    #define lcd_output_rw(x) output_bit(LCD_RW_PIN, x) 
....................    #define lcd_rw_tris()  output_drive(LCD_RW_PIN) 
.................... #endif 
....................  
.................... // original version of this library incorrectly labeled LCD_DATA0 as LCD_DATA4, 
.................... // LCD_DATA1 as LCD_DATA5, and so on.  this block of code makes the driver 
.................... // compatible with any code written for the original library 
.................... #if (defined(LCD_DATA0) && defined(LCD_DATA1) && defined(LCD_DATA2) && defined(LCD_DATA3) && !defined(LCD_DATA4) && !defined(LCD_DATA5) && !defined(LCD_DATA6) && !defined(LCD_DATA7)) 
....................    #define  LCD_DATA4    LCD_DATA0 
....................    #define  LCD_DATA5    LCD_DATA1 
....................    #define  LCD_DATA6    LCD_DATA2 
....................    #define  LCD_DATA7    LCD_DATA3 
.................... #endif 
....................  
.................... #ifndef LCD_DATA4 
.................... #ifndef LCD_DATA_PORT 
....................    #if defined(__PCB__) 
....................       #define LCD_DATA_PORT      0x06     //portb 
....................       #define set_tris_lcd(x)   set_tris_b(x) 
....................    #else 
....................      #if defined(PIN_D0) 
....................       #define LCD_DATA_PORT      getenv("SFR:PORTD")     //portd 
....................      #else 
....................       #define LCD_DATA_PORT      getenv("SFR:PORTB")     //portb 
....................      #endif 
....................    #endif    
.................... #endif 
....................  
.................... #if defined(__PCB__) 
....................    LCD_PIN_MAP lcd, lcdlat; 
....................    #byte lcd = LCD_DATA_PORT 
....................    #byte lcdlat = LCD_DATA_PORT 
.................... #elif defined(__PCM__) 
....................    LCD_PIN_MAP lcd, lcdlat, lcdtris; 
....................    #byte lcd = LCD_DATA_PORT 
....................    #byte lcdlat = LCD_DATA_PORT 
....................    #byte lcdtris = LCD_DATA_PORT+0x80 
.................... #elif defined(__PCH__) 
....................    LCD_PIN_MAP lcd, lcdlat, lcdtris; 
....................    #byte lcd = LCD_DATA_PORT 
....................    #byte lcdlat = LCD_DATA_PORT+9 
....................    #byte lcdtris = LCD_DATA_PORT+0x12 
.................... #elif defined(__PCD__) 
....................    LCD_PIN_MAP lcd, lcdlat, lcdtris; 
....................    #word lcd = LCD_DATA_PORT 
....................    #word lcdlat = LCD_DATA_PORT+2 
....................    #word lcdtris = LCD_DATA_PORT-0x02 
.................... #endif 
.................... #endif   //LCD_DATA4 not defined 
....................  
.................... #ifndef LCD_TYPE 
....................    #define LCD_TYPE 2           // 0=5x7, 1=5x10, 2=2 lines 
.................... #endif 
....................  
.................... #ifndef LCD_LINE_TWO 
....................    #define LCD_LINE_TWO 0x40    // LCD RAM address for the second line 
.................... #endif 
....................  
.................... #ifndef LCD_LINE_LENGTH 
....................    #define LCD_LINE_LENGTH 20 
.................... #endif 
....................  
.................... unsigned int8 lcd_read_nibble(void); 
....................  
.................... unsigned int8 lcd_read_byte(void) 
.................... { 
....................    unsigned int8 low,high; 
....................  
....................  #if defined(__PCB__) 
....................    set_tris_lcd(LCD_INPUT_MAP); 
....................  #else 
....................   #if (defined(LCD_DATA4) && defined(LCD_DATA5) && defined(LCD_DATA6) && defined(LCD_DATA7)) 
....................    output_float(LCD_DATA4); 
....................    output_float(LCD_DATA5); 
....................    output_float(LCD_DATA6); 
....................    output_float(LCD_DATA7); 
....................   #else 
....................    lcdtris.data = 0xF; 
*
00BA:  MOVLW  0F
00BC:  ANDWF  F93,W
00BE:  IORLW  F0
00C0:  MOVWF  F93
....................   #endif 
....................  #endif 
....................          
....................    lcd_output_rw(1); 
00C2:  BSF    F8A.2
....................    delay_cycles(1); 
00C4:  NOP   
....................    lcd_output_enable(1); 
00C6:  BSF    F8A.0
....................    delay_cycles(1); 
00C8:  NOP   
....................    high = lcd_read_nibble(); 
00CA:  RCALL  00AE
00CC:  MOVFF  01,68
....................        
....................    lcd_output_enable(0); 
00D0:  BCF    F8A.0
....................    delay_cycles(1); 
00D2:  NOP   
....................    lcd_output_enable(1); 
00D4:  BSF    F8A.0
....................    delay_us(1); 
00D6:  NOP   
....................    low = lcd_read_nibble(); 
00D8:  RCALL  00AE
00DA:  MOVFF  01,67
....................        
....................    lcd_output_enable(0); 
00DE:  BCF    F8A.0
....................  
....................  #if defined(__PCB__) 
....................    set_tris_lcd(LCD_OUTPUT_MAP); 
....................  #else 
....................   #if (defined(LCD_DATA4) && defined(LCD_DATA5) && defined(LCD_DATA6) && defined(LCD_DATA7)) 
....................    output_drive(LCD_DATA4); 
....................    output_drive(LCD_DATA5); 
....................    output_drive(LCD_DATA6); 
....................    output_drive(LCD_DATA7); 
....................   #else 
....................    lcdtris.data = 0x0; 
00E0:  MOVLW  0F
00E2:  ANDWF  F93,W
00E4:  MOVWF  F93
....................   #endif 
....................  #endif 
....................  
....................    return( (high<<4) | low); 
00E6:  SWAPF  x68,W
00E8:  MOVWF  00
00EA:  MOVLW  F0
00EC:  ANDWF  00,F
00EE:  MOVF   00,W
00F0:  IORWF  x67,W
00F2:  MOVWF  01
00F4:  RETURN 0
.................... } 
....................  
.................... unsigned int8 lcd_read_nibble(void) 
.................... { 
....................   #if (defined(LCD_DATA4) && defined(LCD_DATA5) && defined(LCD_DATA6) && defined(LCD_DATA7)) 
....................    unsigned int8 n = 0x00; 
....................  
....................    /* Read the data port */ 
....................    n |= input(LCD_DATA4); 
....................    n |= input(LCD_DATA5) << 1; 
....................    n |= input(LCD_DATA6) << 2; 
....................    n |= input(LCD_DATA7) << 3; 
....................     
....................    return(n); 
....................   #else 
....................    return(lcd.data); 
*
00AE:  MOVF   F81,W
00B0:  MOVWF  00
00B2:  SWAPF  00,W
00B4:  ANDLW  0F
00B6:  MOVWF  01
....................   #endif 
00B8:  RETURN 0
.................... } 
....................  
.................... void lcd_send_nibble(unsigned int8 n) 
.................... { 
....................   #if (defined(LCD_DATA4) && defined(LCD_DATA5) && defined(LCD_DATA6) && defined(LCD_DATA7)) 
....................    /* Write to the data port */ 
....................    output_bit(LCD_DATA4, bit_test(n, 0)); 
....................    output_bit(LCD_DATA5, bit_test(n, 1)); 
....................    output_bit(LCD_DATA6, bit_test(n, 2)); 
....................    output_bit(LCD_DATA7, bit_test(n, 3)); 
....................   #else       
....................    lcdlat.data = n; 
*
00F6:  SWAPF  x68,W
00F8:  ANDLW  F0
00FA:  MOVWF  00
00FC:  MOVLW  0F
00FE:  ANDWF  F8A,W
0100:  IORWF  00,W
0102:  MOVWF  F8A
....................   #endif 
....................        
....................    delay_cycles(1); 
0104:  NOP   
....................    lcd_output_enable(1); 
0106:  BSF    F8A.0
....................    delay_us(2); 
0108:  BRA    010A
....................    lcd_output_enable(0); 
010A:  BCF    F8A.0
010C:  RETURN 0
.................... } 
....................  
.................... void lcd_send_byte(unsigned int8 address, unsigned int8 n) 
.................... { 
....................   #if defined(__PCB__) 
....................    set_tris_lcd(LCD_OUTPUT_MAP); 
....................   #else 
....................    lcd_enable_tris(); 
010E:  BCF    F93.0
....................    lcd_rs_tris(); 
0110:  BCF    F93.1
....................    lcd_rw_tris(); 
0112:  BCF    F93.2
....................   #endif 
....................  
....................    lcd_output_rs(0); 
0114:  BCF    F8A.1
....................    while ( bit_test(lcd_read_byte(),7) ) ; 
0116:  RCALL  00BA
0118:  MOVFF  01,67
011C:  BTFSC  01.7
011E:  BRA    0116
....................    lcd_output_rs(address); 
0120:  BCF    F8A.1
0122:  BTFSC  x65.0
0124:  BSF    F8A.1
....................    delay_cycles(1); 
0126:  NOP   
....................    lcd_output_rw(0); 
0128:  BCF    F8A.2
....................    delay_cycles(1); 
012A:  NOP   
....................    lcd_output_enable(0); 
012C:  BCF    F8A.0
....................    lcd_send_nibble(n >> 4); 
012E:  SWAPF  x66,W
0130:  MOVWF  x67
0132:  MOVLW  0F
0134:  ANDWF  x67,F
0136:  MOVFF  67,68
013A:  RCALL  00F6
....................    lcd_send_nibble(n & 0xf); 
013C:  MOVF   x66,W
013E:  ANDLW  0F
0140:  MOVWF  x67
0142:  MOVWF  x68
0144:  RCALL  00F6
0146:  RETURN 0
.................... } 
....................  
.................... #if defined(LCD_EXTENDED_NEWLINE) 
.................... unsigned int8 g_LcdX, g_LcdY; 
.................... #endif 
....................  
.................... void lcd_init(void)  
.................... { 
....................    unsigned int8 i; 
....................    unsigned int8 LCD_INIT_STRING[4] = {0x20 | (LCD_TYPE << 2), 0xc, 1, 6}; 
*
0254:  MOVLW  28
0256:  MOVWF  4F
0258:  MOVLW  0C
025A:  MOVWF  50
025C:  MOVLW  01
025E:  MOVWF  51
0260:  MOVLW  06
0262:  MOVWF  52
....................                              // These bytes need to be sent to the LCD 
....................                              // to start it up. 
....................     
....................  
....................    lcd_output_enable(0); 
0264:  BCF    F8A.0
....................    lcd_output_rs(0); 
0266:  BCF    F8A.1
....................    lcd_output_rw(0); 
0268:  BCF    F8A.2
....................  
....................  #if defined(__PCB__) 
....................    set_tris_lcd(LCD_OUTPUT_MAP); 
....................  #else 
....................   #if (defined(LCD_DATA4) && defined(LCD_DATA5) && defined(LCD_DATA6) && defined(LCD_DATA7)) 
....................    output_drive(LCD_DATA4); 
....................    output_drive(LCD_DATA5); 
....................    output_drive(LCD_DATA6); 
....................    output_drive(LCD_DATA7); 
....................   #else 
....................    lcdtris.data = 0x0; 
026A:  MOVLW  0F
026C:  ANDWF  F93,W
026E:  MOVWF  F93
....................   #endif 
....................    lcd_enable_tris(); 
0270:  BCF    F93.0
....................    lcd_rs_tris(); 
0272:  BCF    F93.1
....................    lcd_rw_tris(); 
0274:  BCF    F93.2
0276:  CLRF   19
0278:  BTFSC  FF2.7
027A:  BSF    19.7
027C:  BCF    FF2.7
....................  #endif 
....................      
....................    delay_ms(15); 
027E:  MOVLW  0F
0280:  MOVWF  x61
0282:  RCALL  016A
0284:  BTFSC  19.7
0286:  BSF    FF2.7
....................    for(i=1;i<=3;++i) 
0288:  MOVLW  01
028A:  MOVWF  4E
028C:  MOVF   4E,W
028E:  SUBLW  03
0290:  BNC   02BA
0292:  CLRF   19
0294:  BTFSC  FF2.7
0296:  BSF    19.7
0298:  BCF    FF2.7
....................    { 
....................        lcd_send_nibble(3); 
029A:  MOVLW  03
029C:  MOVWF  x68
029E:  RCALL  00F6
02A0:  BTFSC  19.7
02A2:  BSF    FF2.7
02A4:  CLRF   19
02A6:  BTFSC  FF2.7
02A8:  BSF    19.7
02AA:  BCF    FF2.7
....................        delay_ms(5); 
02AC:  MOVLW  05
02AE:  MOVWF  x61
02B0:  RCALL  016A
02B2:  BTFSC  19.7
02B4:  BSF    FF2.7
02B6:  INCF   4E,F
02B8:  BRA    028C
02BA:  CLRF   19
02BC:  BTFSC  FF2.7
02BE:  BSF    19.7
02C0:  BCF    FF2.7
....................    } 
....................     
....................    lcd_send_nibble(2); 
02C2:  MOVLW  02
02C4:  MOVWF  x68
02C6:  RCALL  00F6
02C8:  BTFSC  19.7
02CA:  BSF    FF2.7
02CC:  CLRF   19
02CE:  BTFSC  FF2.7
02D0:  BSF    19.7
02D2:  BCF    FF2.7
....................    delay_ms(5); 
02D4:  MOVLW  05
02D6:  MOVWF  x61
02D8:  RCALL  016A
02DA:  BTFSC  19.7
02DC:  BSF    FF2.7
....................    for(i=0;i<=3;++i) 
02DE:  CLRF   4E
02E0:  MOVF   4E,W
02E2:  SUBLW  03
02E4:  BNC   030C
....................       lcd_send_byte(0,LCD_INIT_STRING[i]); 
02E6:  CLRF   03
02E8:  MOVF   4E,W
02EA:  ADDLW  4F
02EC:  MOVWF  FE9
02EE:  MOVLW  00
02F0:  ADDWFC 03,W
02F2:  MOVWF  FEA
02F4:  MOVFF  FEF,66
02F8:  CLRF   19
02FA:  BTFSC  FF2.7
02FC:  BSF    19.7
02FE:  BCF    FF2.7
0300:  CLRF   x65
0302:  RCALL  010E
0304:  BTFSC  19.7
0306:  BSF    FF2.7
....................  
....................   #if defined(LCD_EXTENDED_NEWLINE) 
0308:  INCF   4E,F
030A:  BRA    02E0
030C:  GOTO   04C8 (RETURN)
....................    g_LcdX = 0; 
....................    g_LcdY = 0; 
....................   #endif 
.................... } 
....................  
.................... void lcd_gotoxy(unsigned int8 x, unsigned int8 y) 
.................... { 
....................    unsigned int8 address; 
....................     
....................    if(y!=1) 
*
0148:  DECFSZ x62,W
014A:  BRA    014E
014C:  BRA    0154
....................       address=LCD_LINE_TWO; 
014E:  MOVLW  40
0150:  MOVWF  x63
0152:  BRA    0156
....................    else 
....................       address=0; 
0154:  CLRF   x63
....................       
....................    address+=x-1; 
0156:  MOVLW  01
0158:  SUBWF  x61,W
015A:  ADDWF  x63,F
....................    lcd_send_byte(0,0x80|address); 
015C:  MOVF   x63,W
015E:  IORLW  80
0160:  MOVWF  x64
0162:  CLRF   x65
0164:  MOVWF  x66
0166:  RCALL  010E
....................  
....................   #if defined(LCD_EXTENDED_NEWLINE) 
0168:  RETURN 0
....................    g_LcdX = x - 1; 
....................    g_LcdY = y - 1; 
....................   #endif 
.................... } 
....................  
.................... void lcd_putc(char c) 
.................... { 
....................    switch (c) 
*
0192:  MOVF   x60,W
0194:  XORLW  07
0196:  BZ    01A6
0198:  XORLW  0B
019A:  BZ    01B0
019C:  XORLW  06
019E:  BZ    01C0
01A0:  XORLW  02
01A2:  BZ    01CC
01A4:  BRA    01D6
....................    { 
....................       case '\a'   :  lcd_gotoxy(1,1);     break; 
01A6:  MOVLW  01
01A8:  MOVWF  x61
01AA:  MOVWF  x62
01AC:  RCALL  0148
01AE:  BRA    01E0
....................  
....................       case '\f'   :  lcd_send_byte(0,1); 
01B0:  CLRF   x65
01B2:  MOVLW  01
01B4:  MOVWF  x66
01B6:  RCALL  010E
....................                      delay_ms(2); 
01B8:  MOVLW  02
01BA:  MOVWF  x61
01BC:  RCALL  016A
....................                     #if defined(LCD_EXTENDED_NEWLINE) 
....................                      g_LcdX = 0; 
....................                      g_LcdY = 0; 
....................                     #endif 
....................                      break; 
01BE:  BRA    01E0
....................  
....................      #if defined(LCD_EXTENDED_NEWLINE) 
....................       case '\r'   :  lcd_gotoxy(1, g_LcdY+1);   break; 
....................       case '\n'   : 
....................          while (g_LcdX++ < LCD_LINE_LENGTH) 
....................          { 
....................             lcd_send_byte(1, ' '); 
....................          } 
....................          lcd_gotoxy(1, g_LcdY+2); 
....................          break; 
....................      #else 
....................       case '\n'   : lcd_gotoxy(1,2);        break; 
01C0:  MOVLW  01
01C2:  MOVWF  x61
01C4:  MOVLW  02
01C6:  MOVWF  x62
01C8:  RCALL  0148
01CA:  BRA    01E0
....................      #endif 
....................       
....................       case '\b'   : lcd_send_byte(0,0x10);  break; 
01CC:  CLRF   x65
01CE:  MOVLW  10
01D0:  MOVWF  x66
01D2:  RCALL  010E
01D4:  BRA    01E0
....................       
....................      #if defined(LCD_EXTENDED_NEWLINE) 
....................       default     :  
....................          if (g_LcdX < LCD_LINE_LENGTH) 
....................          { 
....................             lcd_send_byte(1, c); 
....................             g_LcdX++; 
....................          } 
....................          break; 
....................      #else 
....................       default     : lcd_send_byte(1,c);     break; 
01D6:  MOVLW  01
01D8:  MOVWF  x65
01DA:  MOVFF  60,66
01DE:  RCALL  010E
....................      #endif 
....................    } 
01E0:  RETURN 0
.................... } 
....................   
.................... char lcd_getc(unsigned int8 x, unsigned int8 y) 
.................... { 
....................    char value; 
....................  
....................    lcd_gotoxy(x,y); 
....................    while ( bit_test(lcd_read_byte(),7) ); // wait until busy flag is low 
....................    lcd_output_rs(1); 
....................    value = lcd_read_byte(); 
....................    lcd_output_rs(0); 
....................     
....................    return(value); 
.................... } 
....................  
.................... // write a custom character to the ram 
.................... // which is 0-7 and specifies which character array we are modifying. 
.................... // ptr points to an array of 8 bytes, where each byte is the next row of 
.................... //    pixels.  only bits 0-4 are used.  the last row is the cursor row, and 
.................... //    usually you will want to leave this byte 0x00. 
.................... void lcd_set_cgram_char(unsigned int8 which, unsigned int8 *ptr) 
.................... { 
....................    unsigned int i; 
....................  
....................    which <<= 3; 
....................    which &= 0x38; 
....................  
....................    lcd_send_byte(0, 0x40 | which);  //set cgram address 
....................  
....................    for(i=0; i<8; i++) 
....................    { 
....................       lcd_send_byte(1, *ptr++); 
....................    } 
....................    
....................    #if defined(LCD_EXTENDED_NEWLINE) 
....................     lcd_gotoxy(g_LcdX+1, g_LcdY+1);  //set ddram address 
....................    #endif 
.................... } 
....................  
.................... void lcd_cursor_on(int1 on) 
.................... { 
....................    if (on) 
....................    { 
....................       lcd_send_byte(0,0x0F);           //turn LCD cursor ON 
....................    } 
....................    else 
....................    { 
....................       lcd_send_byte(0,0x0C);           //turn LCD cursor OFF 
....................    } 
.................... } 
....................  
.................... #endif 
....................  
....................  
.................... //Habilita las funciones RS232, velocidad a 9600 baudios 
.................... #use rs232(Baud=9600,xmit=PIN_C6, rcv=PIN_C7) 
*
037A:  BTFSS  F9E.4
037C:  BRA    037A
037E:  MOVWF  FAD
0380:  GOTO   0438 (RETURN)
.................... #use fast_io (C) 
....................  
.................... void mensajeSim800(unsigned char *numero,unsigned char *mensaje ); 
....................  
.................... char dato1[10];			//Variable para almacena el dato recibido 
.................... char dato2[10]; 
.................... char dato3[10]; 
.................... char numero[10] = "423245243"; 
.................... char mensaje[10] = "Hola"; 
....................  
.................... #int_rda			//Vector de interrupción al recibir por el UART 
.................... tratamiento(){	 
.................... 	disable_interrupts(INT_RDA); 
*
0206:  BCF    F9D.5
.................... 	//dato = getc();	//Lee el dato recibido 
.................... 	gets(dato1); 
0208:  CLRF   FEA
020A:  MOVLW  1A
020C:  MOVWF  FE9
020E:  CLRF   FED
0210:  BTFSS  F9E.5
0212:  BRA    0210
0214:  MOVFF  FAE,FEC
0218:  MOVLW  0D
021A:  SUBWF  FEF,W
021C:  BNZ   0210
021E:  CLRF   FEC
.................... 	lcd_putc('\f'); 
0220:  MOVLW  0C
0222:  MOVWF  x60
0224:  RCALL  0192
.................... 	printf(lcd_putc, "%s", dato1 ); 
0226:  CLRF   FEA
0228:  MOVLW  1A
022A:  MOVWF  FE9
022C:  RCALL  01E2
.................... 	 
.................... 	enable_interrupts(INT_RDA);		//Activa interrupción en la recepción 
022E:  BSF    F9D.5
0230:  BCF    F9E.5
0232:  GOTO   0060
.................... }	 
....................  
.................... void main(){ 
*
0466:  CLRF   FF8
0468:  BCF    FD0.7
046A:  BSF    07.7
046C:  BCF    FB8.3
046E:  MOVLW  19
0470:  MOVWF  FAF
0472:  MOVLW  A6
0474:  MOVWF  FAC
0476:  MOVLW  90
0478:  MOVWF  FAB
047A:  CLRF   4D
047C:  CLRF   4C
047E:  MOVF   FC1,W
0480:  ANDLW  C0
0482:  IORLW  0F
0484:  MOVWF  FC1
0486:  MOVLW  07
0488:  MOVWF  FB4
048A:  MOVLW  34
048C:  MOVWF  38
048E:  MOVLW  32
0490:  MOVWF  39
0492:  MOVLW  33
0494:  MOVWF  3A
0496:  MOVLW  32
0498:  MOVWF  3B
049A:  MOVLW  34
049C:  MOVWF  3C
049E:  MOVLW  35
04A0:  MOVWF  3D
04A2:  MOVLW  32
04A4:  MOVWF  3E
04A6:  MOVLW  34
04A8:  MOVWF  3F
04AA:  MOVLW  33
04AC:  MOVWF  40
04AE:  CLRF   41
04B0:  MOVLW  48
04B2:  MOVWF  42
04B4:  MOVLW  6F
04B6:  MOVWF  43
04B8:  MOVLW  6C
04BA:  MOVWF  44
04BC:  MOVLW  61
04BE:  MOVWF  45
04C0:  CLRF   46
.................... 	set_tris_c(0b10111111);	//RC7/Rx entrada, RC6/Tx salida	 
04C2:  MOVLW  BF
04C4:  MOVWF  F94
.................... 	//setup_uart(uart_autodetect);	//Activa ciclo de auto detección de baudios 
.................... 	lcd_init(); 
04C6:  BRA    0254
04C8:  CLRF   19
04CA:  BTFSC  FF2.7
04CC:  BSF    19.7
04CE:  BCF    FF2.7
.................... 	//enable_interrupts(INT_RDA);		//Activa interrupción en la recepción 
.................... 	//enable_interrupts(global);		//Habilita interrupciones 
.................... 	 
.................... 	lcd_gotoxy(1,1); 
04D0:  MOVLW  01
04D2:  MOVWF  x61
04D4:  MOVWF  x62
04D6:  RCALL  0148
04D8:  BTFSC  19.7
04DA:  BSF    FF2.7
....................  
.................... 	mensajeSim800(numero, mensaje); 
04DC:  CLRF   4F
04DE:  MOVLW  38
04E0:  MOVWF  4E
04E2:  CLRF   51
04E4:  MOVLW  42
04E6:  MOVWF  50
04E8:  BRA    0384
....................  
.................... 	while(1) 
.................... 	{	 
04EA:  BRA    04EA
.................... 		//printf(lcd_putc, "%s\n", dato );	 
.................... 	} 
.................... } 
....................  
04EC:  SLEEP 
.................... void mensajeSim800(unsigned char *numero, unsigned char *mensaje ){ 
.................... 	printf("AT\r"); 
*
0384:  MOVLW  36
0386:  MOVWF  FF6
0388:  MOVLW  02
038A:  MOVWF  FF7
038C:  RCALL  0310
.................... 	//gets(dato1); 
.................... 	printf(lcd_putc, "%s", dato1); 
038E:  CLRF   FEA
0390:  MOVLW  1A
0392:  MOVWF  FE9
0394:  CLRF   19
0396:  BTFSC  FF2.7
0398:  BSF    19.7
039A:  BCF    FF2.7
039C:  RCALL  01E2
039E:  BTFSC  19.7
03A0:  BSF    FF2.7
.................... 	delay_ms(1000); 
03A2:  MOVLW  04
03A4:  MOVWF  52
03A6:  CLRF   19
03A8:  BTFSC  FF2.7
03AA:  BSF    19.7
03AC:  BCF    FF2.7
03AE:  MOVLW  FA
03B0:  MOVWF  x61
03B2:  RCALL  016A
03B4:  BTFSC  19.7
03B6:  BSF    FF2.7
03B8:  DECFSZ 52,F
03BA:  BRA    03A6
.................... 	printf("AT+CMGF=1\r"); 
03BC:  MOVLW  3A
03BE:  MOVWF  FF6
03C0:  MOVLW  02
03C2:  MOVWF  FF7
03C4:  RCALL  0310
.................... 	delay_ms(1000); 
03C6:  MOVLW  04
03C8:  MOVWF  52
03CA:  CLRF   19
03CC:  BTFSC  FF2.7
03CE:  BSF    19.7
03D0:  BCF    FF2.7
03D2:  MOVLW  FA
03D4:  MOVWF  x61
03D6:  RCALL  016A
03D8:  BTFSC  19.7
03DA:  BSF    FF2.7
03DC:  DECFSZ 52,F
03DE:  BRA    03CA
.................... 	printf("AT+CMGS=\"%s\"", numero); 
03E0:  MOVLW  46
03E2:  MOVWF  FF6
03E4:  MOVLW  02
03E6:  MOVWF  FF7
03E8:  MOVLW  09
03EA:  MOVWF  52
03EC:  BRA    0332
03EE:  MOVFF  4F,FEA
03F2:  MOVFF  4E,FE9
03F6:  RCALL  0354
03F8:  MOVLW  22
03FA:  BTFSS  F9E.4
03FC:  BRA    03FA
03FE:  MOVWF  FAD
.................... 	printf("\r\n"); 
0400:  MOVLW  0D
0402:  BTFSS  F9E.4
0404:  BRA    0402
0406:  MOVWF  FAD
0408:  MOVLW  0A
040A:  BTFSS  F9E.4
040C:  BRA    040A
040E:  MOVWF  FAD
.................... 	delay_ms(1000); 
0410:  MOVLW  04
0412:  MOVWF  52
0414:  CLRF   19
0416:  BTFSC  FF2.7
0418:  BSF    19.7
041A:  BCF    FF2.7
041C:  MOVLW  FA
041E:  MOVWF  x61
0420:  RCALL  016A
0422:  BTFSC  19.7
0424:  BSF    FF2.7
0426:  DECFSZ 52,F
0428:  BRA    0414
.................... 	printf("%s", mensaje); 
042A:  MOVFF  51,FEA
042E:  MOVFF  50,FE9
0432:  RCALL  0354
.................... 	putc(26); 
0434:  MOVLW  1A
0436:  BRA    037A
.................... 	delay_ms(1000); 
0438:  MOVLW  04
043A:  MOVWF  52
043C:  CLRF   19
043E:  BTFSC  FF2.7
0440:  BSF    19.7
0442:  BCF    FF2.7
0444:  MOVLW  FA
0446:  MOVWF  x61
0448:  RCALL  016A
044A:  BTFSC  19.7
044C:  BSF    FF2.7
044E:  DECFSZ 52,F
0450:  BRA    043C
.................... 	printf("\r\n"); 
0452:  MOVLW  0D
0454:  BTFSS  F9E.4
0456:  BRA    0454
0458:  MOVWF  FAD
045A:  MOVLW  0A
045C:  BTFSS  F9E.4
045E:  BRA    045C
0460:  MOVWF  FAD
0462:  GOTO   04EA (RETURN)
.................... } 

Configuration Fuses:
   Word  1: C427   PLL12 CPUDIV1 USBDIV EC_IO FCMEN IESO
   Word  2: 1E38   PUT NOBROWNOUT BORV21 VREGEN NOWDT WDT32768
   Word  3: 8500   CCP2C1 NOPBADEN LPT1OSC MCLR
   Word  4: 0081   STVREN NOLVP NOXINST NODEBUG
   Word  5: C00F   NOPROTECT NOCPB NOCPD
   Word  6: E00F   NOWRT NOWRTC NOWRTB NOWRTD
   Word  7: 400F   NOEBTR NOEBTRB
